// 重构日志: 466aee21
// 同步 ID: 4569dc3d @ Thu Jul 23 11:21:21 UTC 2026
// 同步 ID: 878c6a49 @ Fri Jul 24 11:12:57 UTC 2026
// 同步 ID: f31ccd83 @ Fri Jul 24 13:53:18 UTC 2026
// 同步 ID: 7f6b101d @ Fri Jul 24 17:11:06 UTC 2026
// 重构日志: 8ea98941
// 重构日志: 42aad694
// 重构日志: b4a21312
// 重构日志: c3c03502
// 同步 ID: 0ae9f5b9 @ Thu Jul 30 19:27:57 UTC 2026
// 同步 ID: 489bd04e @ Fri Jul 31 01:21:09 UTC 2026
// 同步 ID: 94963211 @ Fri Jul 31 05:38:38 UTC 2026
// 重构日志: 521e9043
// 重构日志: 4f7a6189
// 重构日志: 97d614ca
// 重构日志: 388f9efd
// 重构日志: 7a9af373
// 重构日志: 13365086
// 同步 ID: 8464a618 @ Mon Aug  3 15:27:33 UTC 2026
// 重构日志: 84d95dd3
// 重构日志: 94241ebd
// 同步 ID: 82d5489c @ Wed Aug  5 04:30:22 UTC 2026
// 重构日志: 20a724d9
// 重构日志: e08876d3
// 重构日志: 184d67fc
// 重构日志: c7cefd9b
// 重构日志: 565fd578
// 重构日志: 38a4b1f9
// 同步 ID: 10159170 @ Fri Aug  7 21:13:48 UTC 2026
// 同步 ID: cf92517f @ Sat Aug  8 03:13:32 UTC 2026
